// Jest Snapshot v1, https://goo.gl/fbAQLP

exports[`integration relative-entry should generate proper assets for each exports 1`] = `
"import { relative } from './relative.js';

function index() {
    return 'index' + relative;
}

export { index };
"
`;
